+ python3 tools/start_config.py ci-out/configs/minimal.json /tmp/start-minimal.json
+ startlog=/tmp/start-minimal.log
+ set +e
+ pid=2855
+ started=0
++ seq 1 20
+ /tmp/sing-box-1.14.1-linux-amd64/sing-box run -c /tmp/start-minimal.json
+ for i in $(seq 1 20)
+ grep -aq 'sing-box started' /tmp/start-minimal.log
+ kill -0 2855
+ sleep 1
+ for i in $(seq 1 20)
+ grep -aq 'sing-box started' /tmp/start-minimal.log
+ started=1
+ break
+ '[' 1 = 1 ']'
+ kill -0 2855
+ echo '--- start minimal: the engine accepted the configuration and is running'
--- start minimal: the engine accepted the configuration and is running
+ kill -INT 2855
+ wait 2855
+ set -e
+ for file in ci-out/configs/*.json
++ basename ci-out/configs/mode0-gvisor.json .json
+ name=mode0-gvisor
+ python3 tools/start_config.py ci-out/configs/mode0-gvisor.json /tmp/start-mode0-gvisor.json
+ startlog=/tmp/start-mode0-gvisor.log
+ set +e
+ pid=2878
+ started=0
+ /tmp/sing-box-1.14.1-linux-amd64/sing-box run -c /tmp/start-mode0-gvisor.json
++ seq 1 20
+ for i in $(seq 1 20)
+ grep -aq 'sing-box started' /tmp/start-mode0-gvisor.log
+ kill -0 2878
+ sleep 1
+ for i in $(seq 1 20)
+ grep -aq 'sing-box started' /tmp/start-mode0-gvisor.log
+ started=1
+ break
+ '[' 1 = 1 ']'
+ kill -0 2878
+ echo '--- start mode0-gvisor: the engine accepted the configuration and is running'
--- start mode0-gvisor: the engine accepted the configuration and is running
+ kill -INT 2878
+ wait 2878
+ set -e
+ for file in ci-out/configs/*.json
++ basename ci-out/configs/mode0-mixed.json .json
+ name=mode0-mixed
+ python3 tools/start_config.py ci-out/configs/mode0-mixed.json /tmp/start-mode0-mixed.json
+ startlog=/tmp/start-mode0-mixed.log
+ set +e
+ pid=2901
+ started=0
+ /tmp/sing-box-1.14.1-linux-amd64/sing-box run -c /tmp/start-mode0-mixed.json
++ seq 1 20
+ for i in $(seq 1 20)
+ grep -aq 'sing-box started' /tmp/start-mode0-mixed.log
+ kill -0 2901
+ sleep 1
+ for i in $(seq 1 20)
+ grep -aq 'sing-box started' /tmp/start-mode0-mixed.log
+ started=1
+ break
+ '[' 1 = 1 ']'
+ kill -0 2901
+ echo '--- start mode0-mixed: the engine accepted the configuration and is running'
--- start mode0-mixed: the engine accepted the configuration and is running
+ kill -INT 2901
+ wait 2901
+ set -e
+ for file in ci-out/configs/*.json
++ basename ci-out/configs/mode0-system.json .json
+ name=mode0-system
+ python3 tools/start_config.py ci-out/configs/mode0-system.json /tmp/start-mode0-system.json
+ startlog=/tmp/start-mode0-system.log
+ set +e
+ /tmp/sing-box-1.14.1-linux-amd64/sing-box run -c /tmp/start-mode0-system.json
+ pid=2926
+ started=0
++ seq 1 20
+ for i in $(seq 1 20)
+ grep -aq 'sing-box started' /tmp/start-mode0-system.log
+ kill -0 2926
+ sleep 1
+ for i in $(seq 1 20)
+ grep -aq 'sing-box started' /tmp/start-mode0-system.log
+ started=1
+ break
+ '[' 1 = 1 ']'
+ kill -0 2926
+ echo '--- start mode0-system: the engine accepted the configuration and is running'
--- start mode0-system: the engine accepted the configuration and is running
+ kill -INT 2926
+ wait 2926
+ set -e
+ for file in ci-out/configs/*.json
++ basename ci-out/configs/mode1-gvisor.json .json
+ name=mode1-gvisor
+ python3 tools/start_config.py ci-out/configs/mode1-gvisor.json /tmp/start-mode1-gvisor.json
+ startlog=/tmp/start-mode1-gvisor.log
+ set +e
+ pid=2949
+ started=0
+ /tmp/sing-box-1.14.1-linux-amd64/sing-box run -c /tmp/start-mode1-gvisor.json
++ seq 1 20
+ for i in $(seq 1 20)
+ grep -aq 'sing-box started' /tmp/start-mode1-gvisor.log
+ kill -0 2949
+ sleep 1
+ for i in $(seq 1 20)
+ grep -aq 'sing-box started' /tmp/start-mode1-gvisor.log
+ started=1
+ break
+ '[' 1 = 1 ']'
+ kill -0 2949
+ echo '--- start mode1-gvisor: the engine accepted the configuration and is running'
--- start mode1-gvisor: the engine accepted the configuration and is running
+ kill -INT 2949
+ wait 2949
+ set -e
+ for file in ci-out/configs/*.json
++ basename ci-out/configs/mode1-mixed.json .json
+ name=mode1-mixed
+ python3 tools/start_config.py ci-out/configs/mode1-mixed.json /tmp/start-mode1-mixed.json
+ startlog=/tmp/start-mode1-mixed.log
+ set +e
+ /tmp/sing-box-1.14.1-linux-amd64/sing-box run -c /tmp/start-mode1-mixed.json
+ pid=2972
+ started=0
++ seq 1 20
+ for i in $(seq 1 20)
+ grep -aq 'sing-box started' /tmp/start-mode1-mixed.log
+ kill -0 2972
+ sleep 1
+ for i in $(seq 1 20)
+ grep -aq 'sing-box started' /tmp/start-mode1-mixed.log
+ started=1
+ break
+ '[' 1 = 1 ']'
+ kill -0 2972
+ echo '--- start mode1-mixed: the engine accepted the configuration and is running'
--- start mode1-mixed: the engine accepted the configuration and is running
+ kill -INT 2972
+ wait 2972
+ set -e
+ for file in ci-out/configs/*.json
++ basename ci-out/configs/mode1-system.json .json
+ name=mode1-system
+ python3 tools/start_config.py ci-out/configs/mode1-system.json /tmp/start-mode1-system.json
+ startlog=/tmp/start-mode1-system.log
+ set +e
+ pid=2995
+ started=0
+ /tmp/sing-box-1.14.1-linux-amd64/sing-box run -c /tmp/start-mode1-system.json
++ seq 1 20
+ for i in $(seq 1 20)
+ grep -aq 'sing-box started' /tmp/start-mode1-system.log
+ kill -0 2995
+ sleep 1
+ for i in $(seq 1 20)
+ grep -aq 'sing-box started' /tmp/start-mode1-system.log
+ started=1
+ break
+ '[' 1 = 1 ']'
+ kill -0 2995
+ echo '--- start mode1-system: the engine accepted the configuration and is running'
--- start mode1-system: the engine accepted the configuration and is running
+ kill -INT 2995
+ wait 2995
+ set -e
+ for file in ci-out/configs/*.json
++ basename ci-out/configs/mode2-gvisor.json .json
+ name=mode2-gvisor
+ python3 tools/start_config.py ci-out/configs/mode2-gvisor.json /tmp/start-mode2-gvisor.json
+ startlog=/tmp/start-mode2-gvisor.log
+ set +e
+ pid=3018
+ started=0
+ /tmp/sing-box-1.14.1-linux-amd64/sing-box run -c /tmp/start-mode2-gvisor.json
++ seq 1 20
+ for i in $(seq 1 20)
+ grep -aq 'sing-box started' /tmp/start-mode2-gvisor.log
+ kill -0 3018
+ sleep 1
+ for i in $(seq 1 20)
+ grep -aq 'sing-box started' /tmp/start-mode2-gvisor.log
+ started=1
+ break
+ '[' 1 = 1 ']'
+ kill -0 3018
+ echo '--- start mode2-gvisor: the engine accepted the configuration and is running'
--- start mode2-gvisor: the engine accepted the configuration and is running
+ kill -INT 3018
+ wait 3018
+ set -e
+ for file in ci-out/configs/*.json
++ basename ci-out/configs/mode2-mixed.json .json
+ name=mode2-mixed
+ python3 tools/start_config.py ci-out/configs/mode2-mixed.json /tmp/start-mode2-mixed.json
+ startlog=/tmp/start-mode2-mixed.log
+ set +e
+ pid=3042
+ /tmp/sing-box-1.14.1-linux-amd64/sing-box run -c /tmp/start-mode2-mixed.json
+ started=0
++ seq 1 20
+ for i in $(seq 1 20)
+ grep -aq 'sing-box started' /tmp/start-mode2-mixed.log
+ kill -0 3042
+ sleep 1
+ for i in $(seq 1 20)
+ grep -aq 'sing-box started' /tmp/start-mode2-mixed.log
+ started=1
+ break
+ '[' 1 = 1 ']'
+ kill -0 3042
+ echo '--- start mode2-mixed: the engine accepted the configuration and is running'
--- start mode2-mixed: the engine accepted the configuration and is running
+ kill -INT 3042
+ wait 3042
+ set -e
+ for file in ci-out/configs/*.json
++ basename ci-out/configs/mode2-system.json .json
+ name=mode2-system
+ python3 tools/start_config.py ci-out/configs/mode2-system.json /tmp/start-mode2-system.json
+ startlog=/tmp/start-mode2-system.log
+ set +e
+ pid=3065
+ started=0
+ /tmp/sing-box-1.14.1-linux-amd64/sing-box run -c /tmp/start-mode2-system.json
++ seq 1 20
+ for i in $(seq 1 20)
+ grep -aq 'sing-box started' /tmp/start-mode2-system.log
+ kill -0 3065
+ sleep 1
+ for i in $(seq 1 20)
+ grep -aq 'sing-box started' /tmp/start-mode2-system.log
+ started=1
+ break
+ '[' 1 = 1 ']'
+ kill -0 3065
+ echo '--- start mode2-system: the engine accepted the configuration and is running'
--- start mode2-system: the engine accepted the configuration and is running
+ kill -INT 3065
+ wait 3065
+ set -e
+ echo '=== configuration check finished (check failed=0, start failed=0) ==='
=== configuration check finished (check failed=0, start failed=0) ===
+ '[' 0 -ne 0 ']'
