2257
+ adb shell dumpsys window
+ grep -E 'mCurrentFocus|mFocusedApp'
  mCurrentFocus=Window{8409eb7 u0 com.vortex.vpn/com.vortex.vpn.ui.MainActivity}
  mFocusedApp=ActivityRecord{2e35f94 u0 com.vortex.vpn/.ui.MainActivity t9}
+ adb logcat -d
+ grep -q 'FATAL EXCEPTION'
+ adb shell pidof com.vortex.vpn
+ echo '--- on-device engine self test ---'
--- on-device engine self test ---
+ adb shell am start -n com.vortex.vpn/.ui.MainActivity --ez vortex_selftest true
Warning: Activity not started, intent has been delivered to currently running top-most instance.
++ seq 1 24
+ for i in $(seq 1 24)
+ adb logcat -d -s VortexSelfTest:I
+ grep -q 'SELFTEST OK'
+ sleep 5
+ for i in $(seq 1 24)
+ adb logcat -d -s VortexSelfTest:I
+ grep -q 'SELFTEST OK'
+ sleep 5
+ for i in $(seq 1 24)
+ adb logcat -d -s VortexSelfTest:I
+ grep -q 'SELFTEST OK'
+ sleep 5
+ for i in $(seq 1 24)
+ grep -q 'SELFTEST OK'
+ adb logcat -d -s VortexSelfTest:I
+ sleep 5
+ for i in $(seq 1 24)
+ adb logcat -d -s VortexSelfTest:I
+ grep -q 'SELFTEST OK'
+ sleep 5
+ for i in $(seq 1 24)
+ adb logcat -d -s VortexSelfTest:I
+ grep -q 'SELFTEST OK'
+ sleep 5
+ for i in $(seq 1 24)
+ adb logcat -d -s VortexSelfTest:I
+ grep -q 'SELFTEST OK'
+ sleep 5
+ for i in $(seq 1 24)
+ adb logcat -d -s VortexSelfTest:I
+ grep -q 'SELFTEST OK'
+ sleep 5
+ for i in $(seq 1 24)
+ adb logcat -d -s VortexSelfTest:I
+ grep -q 'SELFTEST OK'
+ sleep 5
+ for i in $(seq 1 24)
+ grep -q 'SELFTEST OK'
+ adb logcat -d -s VortexSelfTest:I
+ sleep 5
+ for i in $(seq 1 24)
+ grep -q 'SELFTEST OK'
+ adb logcat -d -s VortexSelfTest:I
+ sleep 5
+ for i in $(seq 1 24)
+ adb logcat -d -s VortexSelfTest:I
+ grep -q 'SELFTEST OK'
+ sleep 5
+ for i in $(seq 1 24)
+ grep -q 'SELFTEST OK'
+ adb logcat -d -s VortexSelfTest:I
+ sleep 5
+ for i in $(seq 1 24)
+ adb logcat -d -s VortexSelfTest:I
+ grep -q 'SELFTEST OK'
+ sleep 5
+ for i in $(seq 1 24)
+ adb logcat -d -s VortexSelfTest:I
+ grep -q 'SELFTEST OK'
+ sleep 5
+ for i in $(seq 1 24)
+ adb logcat -d -s VortexSelfTest:I
+ grep -q 'SELFTEST OK'
+ sleep 5
+ for i in $(seq 1 24)
+ adb logcat -d -s VortexSelfTest:I
+ grep -q 'SELFTEST OK'
+ sleep 5
+ for i in $(seq 1 24)
+ adb logcat -d -s VortexSelfTest:I
+ grep -q 'SELFTEST OK'
+ sleep 5
+ for i in $(seq 1 24)
+ adb logcat -d -s VortexSelfTest:I
+ grep -q 'SELFTEST OK'
+ sleep 5
+ for i in $(seq 1 24)
+ grep -q 'SELFTEST OK'
+ adb logcat -d -s VortexSelfTest:I
+ sleep 5
+ for i in $(seq 1 24)
+ adb logcat -d -s VortexSelfTest:I
+ grep -q 'SELFTEST OK'
+ sleep 5
+ for i in $(seq 1 24)
+ adb logcat -d -s VortexSelfTest:I
+ grep -q 'SELFTEST OK'
+ sleep 5
+ for i in $(seq 1 24)
+ grep -q 'SELFTEST OK'
+ adb logcat -d -s VortexSelfTest:I
+ sleep 5
+ for i in $(seq 1 24)
+ adb logcat -d -s VortexSelfTest:I
+ grep -q 'SELFTEST OK'
+ sleep 5
+ adb logcat -d -s VortexSelfTest:I VortexSelfTest:E
+ tail -n 40
--------- beginning of system
--------- beginning of main
--------- beginning of kernel
+ echo '--- visiting every screen ---'
--- visiting every screen ---
+ for activity in ServersActivity ProfilesActivity SettingsActivity LogsActivity ConnectionsActivity AboutActivity ConfigEditorActivity AppListActivity
+ adb shell am start -n com.vortex.vpn/.ui.ServersActivity

Exception occurred while executing 'start':
java.lang.SecurityException: Permission Denial: starting Intent { flg=0x10000000 cmp=com.vortex.vpn/.ui.ServersActivity } from null (pid=2413, uid=2000) not exported from uid 10130
	at com.android.server.wm.ActivityStackSupervisor.checkStartAnyActivityPermission(ActivityStackSupervisor.java:1032)
	at com.android.server.wm.ActivityStarter.executeRequest(ActivityStarter.java:999)
	at com.android.server.wm.ActivityStarter.execute(ActivityStarter.java:669)
	at com.android.server.wm.ActivityTaskManagerService.startActivityAsUser(ActivityTaskManagerService.java:1100)
	at com.android.server.wm.ActivityTaskManagerService.startActivityAsUser(ActivityTaskManagerService.java:1072)
	at com.android.server.am.ActivityManagerService.startActivityAsUserWithFeature(ActivityManagerService.java:3678)
	at com.android.server.am.ActivityManagerShellCommand.runStartActivity(ActivityManagerShellCommand.java:544)
	at com.android.server.am.ActivityManagerShellCommand.onCommand(ActivityManagerShellCommand.java:186)
	at android.os.BasicShellCommandHandler.exec(BasicShellCommandHandler.java:98)
	at android.os.ShellCommand.exec(ShellCommand.java:44)
	at com.android.server.am.ActivityManagerService.onShellCommand(ActivityManagerService.java:10521)
	at android.os.Binder.shellCommand(Binder.java:929)
	at android.os.Binder.onTransact(Binder.java:813)
	at android.app.IActivityManager$Stub.onTransact(IActivityManager.java:5027)
	at com.android.server.am.ActivityManagerService.onTransact(ActivityManagerService.java:2883)
	at android.os.Binder.execTransactInternal(Binder.java:1159)
	at android.os.Binder.execTransact(Binder.java:1123)
+ true
+ sleep 5
+ adb shell pidof com.vortex.vpn
+ for activity in ServersActivity ProfilesActivity SettingsActivity LogsActivity ConnectionsActivity AboutActivity ConfigEditorActivity AppListActivity
+ adb shell am start -n com.vortex.vpn/.ui.ProfilesActivity

Exception occurred while executing 'start':
java.lang.SecurityException: Permission Denial: starting Intent { flg=0x10000000 cmp=com.vortex.vpn/.ui.ProfilesActivity } from null (pid=2425, uid=2000) not exported from uid 10130
	at com.android.server.wm.ActivityStackSupervisor.checkStartAnyActivityPermission(ActivityStackSupervisor.java:1032)
	at com.android.server.wm.ActivityStarter.executeRequest(ActivityStarter.java:999)
	at com.android.server.wm.ActivityStarter.execute(ActivityStarter.java:669)
	at com.android.server.wm.ActivityTaskManagerService.startActivityAsUser(ActivityTaskManagerService.java:1100)
	at com.android.server.wm.ActivityTaskManagerService.startActivityAsUser(ActivityTaskManagerService.java:1072)
	at com.android.server.am.ActivityManagerService.startActivityAsUserWithFeature(ActivityManagerService.java:3678)
	at com.android.server.am.ActivityManagerShellCommand.runStartActivity(ActivityManagerShellCommand.java:544)
	at com.android.server.am.ActivityManagerShellCommand.onCommand(ActivityManagerShellCommand.java:186)
	at android.os.BasicShellCommandHandler.exec(BasicShellCommandHandler.java:98)
	at android.os.ShellCommand.exec(ShellCommand.java:44)
	at com.android.server.am.ActivityManagerService.onShellCommand(ActivityManagerService.java:10521)
	at android.os.Binder.shellCommand(Binder.java:929)
	at android.os.Binder.onTransact(Binder.java:813)
	at android.app.IActivityManager$Stub.onTransact(IActivityManager.java:5027)
	at com.android.server.am.ActivityManagerService.onTransact(ActivityManagerService.java:2883)
	at android.os.Binder.execTransactInternal(Binder.java:1159)
	at android.os.Binder.execTransact(Binder.java:1123)
+ true
+ sleep 5
+ adb shell pidof com.vortex.vpn
+ for activity in ServersActivity ProfilesActivity SettingsActivity LogsActivity ConnectionsActivity AboutActivity ConfigEditorActivity AppListActivity
+ adb shell am start -n com.vortex.vpn/.ui.SettingsActivity

Exception occurred while executing 'start':
java.lang.SecurityException: Permission Denial: starting Intent { flg=0x10000000 cmp=com.vortex.vpn/.ui.SettingsActivity } from null (pid=2432, uid=2000) not exported from uid 10130
	at com.android.server.wm.ActivityStackSupervisor.checkStartAnyActivityPermission(ActivityStackSupervisor.java:1032)
	at com.android.server.wm.ActivityStarter.executeRequest(ActivityStarter.java:999)
	at com.android.server.wm.ActivityStarter.execute(ActivityStarter.java:669)
	at com.android.server.wm.ActivityTaskManagerService.startActivityAsUser(ActivityTaskManagerService.java:1100)
	at com.android.server.wm.ActivityTaskManagerService.startActivityAsUser(ActivityTaskManagerService.java:1072)
	at com.android.server.am.ActivityManagerService.startActivityAsUserWithFeature(ActivityManagerService.java:3678)
	at com.android.server.am.ActivityManagerShellCommand.runStartActivity(ActivityManagerShellCommand.java:544)
	at com.android.server.am.ActivityManagerShellCommand.onCommand(ActivityManagerShellCommand.java:186)
	at android.os.BasicShellCommandHandler.exec(BasicShellCommandHandler.java:98)
	at android.os.ShellCommand.exec(ShellCommand.java:44)
	at com.android.server.am.ActivityManagerService.onShellCommand(ActivityManagerService.java:10521)
	at android.os.Binder.shellCommand(Binder.java:929)
	at android.os.Binder.onTransact(Binder.java:813)
	at android.app.IActivityManager$Stub.onTransact(IActivityManager.java:5027)
	at com.android.server.am.ActivityManagerService.onTransact(ActivityManagerService.java:2883)
	at android.os.Binder.execTransactInternal(Binder.java:1159)
	at android.os.Binder.execTransact(Binder.java:1123)
+ true
+ sleep 5
+ adb shell pidof com.vortex.vpn
+ for activity in ServersActivity ProfilesActivity SettingsActivity LogsActivity ConnectionsActivity AboutActivity ConfigEditorActivity AppListActivity
+ adb shell am start -n com.vortex.vpn/.ui.LogsActivity

Exception occurred while executing 'start':
java.lang.SecurityException: Permission Denial: starting Intent { flg=0x10000000 cmp=com.vortex.vpn/.ui.LogsActivity } from null (pid=2444, uid=2000) not exported from uid 10130
	at com.android.server.wm.ActivityStackSupervisor.checkStartAnyActivityPermission(ActivityStackSupervisor.java:1032)
	at com.android.server.wm.ActivityStarter.executeRequest(ActivityStarter.java:999)
	at com.android.server.wm.ActivityStarter.execute(ActivityStarter.java:669)
	at com.android.server.wm.ActivityTaskManagerService.startActivityAsUser(ActivityTaskManagerService.java:1100)
	at com.android.server.wm.ActivityTaskManagerService.startActivityAsUser(ActivityTaskManagerService.java:1072)
	at com.android.server.am.ActivityManagerService.startActivityAsUserWithFeature(ActivityManagerService.java:3678)
	at com.android.server.am.ActivityManagerShellCommand.runStartActivity(ActivityManagerShellCommand.java:544)
	at com.android.server.am.ActivityManagerShellCommand.onCommand(ActivityManagerShellCommand.java:186)
	at android.os.BasicShellCommandHandler.exec(BasicShellCommandHandler.java:98)
	at android.os.ShellCommand.exec(ShellCommand.java:44)
	at com.android.server.am.ActivityManagerService.onShellCommand(ActivityManagerService.java:10521)
	at android.os.Binder.shellCommand(Binder.java:929)
	at android.os.Binder.onTransact(Binder.java:813)
	at android.app.IActivityManager$Stub.onTransact(IActivityManager.java:5027)
	at com.android.server.am.ActivityManagerService.onTransact(ActivityManagerService.java:2883)
	at android.os.Binder.execTransactInternal(Binder.java:1159)
	at android.os.Binder.execTransact(Binder.java:1123)
+ true
+ sleep 5
+ adb shell pidof com.vortex.vpn
+ for activity in ServersActivity ProfilesActivity SettingsActivity LogsActivity ConnectionsActivity AboutActivity ConfigEditorActivity AppListActivity
+ adb shell am start -n com.vortex.vpn/.ui.ConnectionsActivity

Exception occurred while executing 'start':
java.lang.SecurityException: Permission Denial: starting Intent { flg=0x10000000 cmp=com.vortex.vpn/.ui.ConnectionsActivity } from null (pid=2451, uid=2000) not exported from uid 10130
	at com.android.server.wm.ActivityStackSupervisor.checkStartAnyActivityPermission(ActivityStackSupervisor.java:1032)
	at com.android.server.wm.ActivityStarter.executeRequest(ActivityStarter.java:999)
	at com.android.server.wm.ActivityStarter.execute(ActivityStarter.java:669)
	at com.android.server.wm.ActivityTaskManagerService.startActivityAsUser(ActivityTaskManagerService.java:1100)
	at com.android.server.wm.ActivityTaskManagerService.startActivityAsUser(ActivityTaskManagerService.java:1072)
	at com.android.server.am.ActivityManagerService.startActivityAsUserWithFeature(ActivityManagerService.java:3678)
	at com.android.server.am.ActivityManagerShellCommand.runStartActivity(ActivityManagerShellCommand.java:544)
	at com.android.server.am.ActivityManagerShellCommand.onCommand(ActivityManagerShellCommand.java:186)
	at android.os.BasicShellCommandHandler.exec(BasicShellCommandHandler.java:98)
	at android.os.ShellCommand.exec(ShellCommand.java:44)
	at com.android.server.am.ActivityManagerService.onShellCommand(ActivityManagerService.java:10521)
	at android.os.Binder.shellCommand(Binder.java:929)
	at android.os.Binder.onTransact(Binder.java:813)
	at android.app.IActivityManager$Stub.onTransact(IActivityManager.java:5027)
	at com.android.server.am.ActivityManagerService.onTransact(ActivityManagerService.java:2883)
	at android.os.Binder.execTransactInternal(Binder.java:1159)
	at android.os.Binder.execTransact(Binder.java:1123)
+ true
+ sleep 5
+ adb shell pidof com.vortex.vpn
+ for activity in ServersActivity ProfilesActivity SettingsActivity LogsActivity ConnectionsActivity AboutActivity ConfigEditorActivity AppListActivity
+ adb shell am start -n com.vortex.vpn/.ui.AboutActivity

Exception occurred while executing 'start':
java.lang.SecurityException: Permission Denial: starting Intent { flg=0x10000000 cmp=com.vortex.vpn/.ui.AboutActivity } from null (pid=2463, uid=2000) not exported from uid 10130
	at com.android.server.wm.ActivityStackSupervisor.checkStartAnyActivityPermission(ActivityStackSupervisor.java:1032)
	at com.android.server.wm.ActivityStarter.executeRequest(ActivityStarter.java:999)
	at com.android.server.wm.ActivityStarter.execute(ActivityStarter.java:669)
	at com.android.server.wm.ActivityTaskManagerService.startActivityAsUser(ActivityTaskManagerService.java:1100)
	at com.android.server.wm.ActivityTaskManagerService.startActivityAsUser(ActivityTaskManagerService.java:1072)
	at com.android.server.am.ActivityManagerService.startActivityAsUserWithFeature(ActivityManagerService.java:3678)
	at com.android.server.am.ActivityManagerShellCommand.runStartActivity(ActivityManagerShellCommand.java:544)
	at com.android.server.am.ActivityManagerShellCommand.onCommand(ActivityManagerShellCommand.java:186)
	at android.os.BasicShellCommandHandler.exec(BasicShellCommandHandler.java:98)
	at android.os.ShellCommand.exec(ShellCommand.java:44)
	at com.android.server.am.ActivityManagerService.onShellCommand(ActivityManagerService.java:10521)
	at android.os.Binder.shellCommand(Binder.java:929)
	at android.os.Binder.onTransact(Binder.java:813)
	at android.app.IActivityManager$Stub.onTransact(IActivityManager.java:5027)
	at com.android.server.am.ActivityManagerService.onTransact(ActivityManagerService.java:2883)
	at android.os.Binder.execTransactInternal(Binder.java:1159)
	at android.os.Binder.execTransact(Binder.java:1123)
+ true
+ sleep 5
+ adb shell pidof com.vortex.vpn
+ for activity in ServersActivity ProfilesActivity SettingsActivity LogsActivity ConnectionsActivity AboutActivity ConfigEditorActivity AppListActivity
+ adb shell am start -n com.vortex.vpn/.ui.ConfigEditorActivity

Exception occurred while executing 'start':
java.lang.SecurityException: Permission Denial: starting Intent { flg=0x10000000 cmp=com.vortex.vpn/.ui.ConfigEditorActivity } from null (pid=2470, uid=2000) not exported from uid 10130
	at com.android.server.wm.ActivityStackSupervisor.checkStartAnyActivityPermission(ActivityStackSupervisor.java:1032)
	at com.android.server.wm.ActivityStarter.executeRequest(ActivityStarter.java:999)
	at com.android.server.wm.ActivityStarter.execute(ActivityStarter.java:669)
	at com.android.server.wm.ActivityTaskManagerService.startActivityAsUser(ActivityTaskManagerService.java:1100)
	at com.android.server.wm.ActivityTaskManagerService.startActivityAsUser(ActivityTaskManagerService.java:1072)
	at com.android.server.am.ActivityManagerService.startActivityAsUserWithFeature(ActivityManagerService.java:3678)
	at com.android.server.am.ActivityManagerShellCommand.runStartActivity(ActivityManagerShellCommand.java:544)
	at com.android.server.am.ActivityManagerShellCommand.onCommand(ActivityManagerShellCommand.java:186)
	at android.os.BasicShellCommandHandler.exec(BasicShellCommandHandler.java:98)
	at android.os.ShellCommand.exec(ShellCommand.java:44)
	at com.android.server.am.ActivityManagerService.onShellCommand(ActivityManagerService.java:10521)
	at android.os.Binder.shellCommand(Binder.java:929)
	at android.os.Binder.onTransact(Binder.java:813)
	at android.app.IActivityManager$Stub.onTransact(IActivityManager.java:5027)
	at com.android.server.am.ActivityManagerService.onTransact(ActivityManagerService.java:2883)
	at android.os.Binder.execTransactInternal(Binder.java:1159)
	at android.os.Binder.execTransact(Binder.java:1123)
+ true
+ sleep 5
+ adb shell pidof com.vortex.vpn
+ for activity in ServersActivity ProfilesActivity SettingsActivity LogsActivity ConnectionsActivity AboutActivity ConfigEditorActivity AppListActivity
+ adb shell am start -n com.vortex.vpn/.ui.AppListActivity

Exception occurred while executing 'start':
java.lang.SecurityException: Permission Denial: starting Intent { flg=0x10000000 cmp=com.vortex.vpn/.ui.AppListActivity } from null (pid=2482, uid=2000) not exported from uid 10130
	at com.android.server.wm.ActivityStackSupervisor.checkStartAnyActivityPermission(ActivityStackSupervisor.java:1032)
	at com.android.server.wm.ActivityStarter.executeRequest(ActivityStarter.java:999)
	at com.android.server.wm.ActivityStarter.execute(ActivityStarter.java:669)
	at com.android.server.wm.ActivityTaskManagerService.startActivityAsUser(ActivityTaskManagerService.java:1100)
	at com.android.server.wm.ActivityTaskManagerService.startActivityAsUser(ActivityTaskManagerService.java:1072)
	at com.android.server.am.ActivityManagerService.startActivityAsUserWithFeature(ActivityManagerService.java:3678)
	at com.android.server.am.ActivityManagerShellCommand.runStartActivity(ActivityManagerShellCommand.java:544)
	at com.android.server.am.ActivityManagerShellCommand.onCommand(ActivityManagerShellCommand.java:186)
	at android.os.BasicShellCommandHandler.exec(BasicShellCommandHandler.java:98)
	at android.os.ShellCommand.exec(ShellCommand.java:44)
	at com.android.server.am.ActivityManagerService.onShellCommand(ActivityManagerService.java:10521)
	at android.os.Binder.shellCommand(Binder.java:929)
	at android.os.Binder.onTransact(Binder.java:813)
	at android.app.IActivityManager$Stub.onTransact(IActivityManager.java:5027)
	at com.android.server.am.ActivityManagerService.onTransact(ActivityManagerService.java:2883)
	at android.os.Binder.execTransactInternal(Binder.java:1159)
	at android.os.Binder.execTransact(Binder.java:1123)
+ true
+ sleep 5
+ adb shell pidof com.vortex.vpn
+ echo '--- ui monkey (no --ignore-crashes on purpose) ---'
--- ui monkey (no --ignore-crashes on purpose) ---
+ adb shell monkey -p com.vortex.vpn --throttle 300 -v 150
  bash arg: -p
  bash arg: com.vortex.vpn
  bash arg: --throttle
  bash arg: 300
  bash arg: -v
  bash arg: 150
args: [-p, com.vortex.vpn, --throttle, 300, -v, 150]
 arg: "-p"
 arg: "com.vortex.vpn"
 arg: "--throttle"
 arg: "300"
 arg: "-v"
 arg: "150"
data="com.vortex.vpn"
arg="--throttle" mCurArgData="null" mNextArg=3 argwas="--throttle" nextarg="300"
data="300"
:Monkey: seed=1790527512722 count=150
:AllowPackage: com.vortex.vpn
:IncludeCategory: android.intent.category.LAUNCHER
:IncludeCategory: android.intent.category.MONKEY
// Event percentages:
//   0: 15.0%
//   1: 10.0%
//   2: 2.0%
//   3: 15.0%
//   4: -0.0%
//   5: -0.0%
//   6: 25.0%
//   7: 15.0%
//   8: 2.0%
//   9: 2.0%
//   10: 1.0%
//   11: 13.0%
:Switch: #Intent;action=android.intent.action.MAIN;category=android.intent.category.LAUNCHER;launchFlags=0x10200000;component=com.vortex.vpn/.ui.MainActivity;end
    // Allowing start of Intent { act=android.intent.action.MAIN cat=[android.intent.category.LAUNCHER] cmp=com.vortex.vpn/.ui.MainActivity } in package com.vortex.vpn
:Sending Touch (ACTION_DOWN): 0:(81.0,633.0)
:Sending Touch (ACTION_UP): 0:(75.91448,613.4655)
:Sending Touch (ACTION_DOWN): 0:(2.0,147.0)
:Sending Touch (ACTION_UP): 0:(0.0,184.41602)
:Sending Touch (ACTION_DOWN): 0:(264.0,238.0)
:Sending Touch (ACTION_UP): 0:(257.11194,226.36981)
    // Allowing start of Intent { cmp=com.vortex.vpn/.ui.ProfilesActivity } in package com.vortex.vpn
:Sending Touch (ACTION_DOWN): 0:(23.0,322.0)
:Sending Touch (ACTION_UP): 0:(11.763359,301.6884)
:Sending Trackball (ACTION_MOVE): 0:(2.0,2.0)
:Sending Touch (ACTION_DOWN): 0:(263.0,54.0)
:Sending Touch (ACTION_UP): 0:(284.4269,51.883904)
:Sending Trackball (ACTION_MOVE): 0:(1.0,0.0)
:Sending Touch (ACTION_DOWN): 0:(125.0,103.0)
:Sending Touch (ACTION_UP): 0:(203.29799,51.40648)
:Sending Touch (ACTION_DOWN): 0:(38.0,616.0)
:Sending Touch (ACTION_UP): 0:(20.335064,605.9347)
:Sending Touch (ACTION_DOWN): 0:(13.0,156.0)
:Sending Touch (ACTION_UP): 0:(0.0,84.1187)
:Sending Touch (ACTION_DOWN): 0:(297.0,512.0)
:Sending Touch (ACTION_UP): 0:(291.00528,511.76324)
:Sending Trackball (ACTION_MOVE): 0:(-3.0,-5.0)
    //[calendar_time:2026-09-25 09:59:03.337  system_uptime:210760]
    // Sending event #100
:Sending Touch (ACTION_DOWN): 0:(50.0,170.0)
:Sending Touch (ACTION_UP): 0:(49.115147,156.30316)
:Sending Trackball (ACTION_MOVE): 0:(-4.0,-4.0)
:Sending Touch (ACTION_DOWN): 0:(88.0,540.0)
:Sending Touch (ACTION_UP): 0:(189.26384,584.5688)
:Sending Touch (ACTION_DOWN): 0:(180.0,465.0)
:Sending Touch (ACTION_UP): 0:(187.89413,446.96802)
:Sending Touch (ACTION_DOWN): 0:(55.0,269.0)
Events injected: 150
:Sending rotation degree=0, persist=false
:Dropped: keys=0 pointers=0 trackballs=0 flips=0 rotations=0
## Network stats: elapsed time=11149ms (0ms mobile, 0ms wifi, 11149ms not connected)
// Monkey finished
+ sleep 3
+ adb shell pidof com.vortex.vpn
+ adb logcat -d
+ grep -q 'FATAL EXCEPTION'
+ adb logcat -d -s VortexSelfTest:I
+ grep -q 'SELFTEST OK'
+ echo 'engine self test did not report OK'
engine self test did not report OK
+ exit 1
=== emulator output (tail) ===
DEBUG   | onGuestSendCommand: [0x56380c837e10] Adb connected, start proxing data
DEBUG   | Started new RenderThread (total 7) @0x56380c6b09c0
DEBUG   | Started new RenderThread (total 8) @0x56380c6b04e0
DEBUG   | ColorBuffer 7, 1x1, VK_FORMAT_R8G8B8A8_UNORM, Memory [size: 16, type: 0, props: 15 / 1]
DEBUG   | ColorBuffer 8, 320x640, VK_FORMAT_R8G8B8A8_UNORM, Memory [size: 819200, type: 0, props: 15 / 1]
DEBUG   | Started new RenderThread (total 9) @0x56380c6b1d40
DEBUG   | ColorBuffer 10, 320x640, VK_FORMAT_R8G8B8A8_UNORM, Memory [size: 819200, type: 0, props: 15 / 1]
DEBUG   | ColorBuffer 11, 320x640, VK_FORMAT_R8G8B8A8_UNORM, Memory [size: 819200, type: 0, props: 15 / 1]
DEBUG   | Started new RenderThread (total 10) @0x56380c6b1ba0
DEBUG   | Started new RenderThread (total 11) @0x56380c2211e0
DEBUG   | ColorBuffer 15, 1243x1024, VK_FORMAT_R8G8B8A8_UNORM, Memory [size: 5095424, type: 0, props: 15 / 1]
DEBUG   | Started new RenderThread (total 12) @0x56380c2216c0
DEBUG   | Started new RenderThread (total 13) @0x56380c6b1a00
DEBUG   | ColorBuffer 17, 1243x1024, VK_FORMAT_R8G8B8A8_UNORM, Memory [size: 5095424, type: 0, props: 15 / 1]
DEBUG   | ColorBuffer 20, 1x1, VK_FORMAT_R8G8B8A8_UNORM, Memory [size: 16, type: 0, props: 15 / 1]
DEBUG   | ColorBuffer 21, 320x24, VK_FORMAT_R8G8B8A8_UNORM, Memory [size: 30720, type: 0, props: 15 / 1]
DEBUG   | ColorBuffer 23, 320x24, VK_FORMAT_R8G8B8A8_UNORM, Memory [size: 30720, type: 0, props: 15 / 1]
DEBUG   | ColorBuffer 24, 320x24, VK_FORMAT_R8G8B8A8_UNORM, Memory [size: 30720, type: 0, props: 15 / 1]
DEBUG   | ColorBuffer 25, 320x640, VK_FORMAT_R8G8B8A8_UNORM, Memory [size: 819200, type: 0, props: 15 / 1]
DEBUG   | Started new RenderThread (total 14) @0x56380c220b60
VERBOSE | glReadPixels seems OK for tex(internal:0x8058 fmt:0x1908 type:0x1401) read(fmt:0x1908 type:0x1401).
DEBUG   | ColorBuffer 26, 320x640, VK_FORMAT_R8G8B8A8_UNORM, Memory [size: 819200, type: 0, props: 15 / 1]
DEBUG   | ColorBuffer 27, 320x640, VK_FORMAT_R8G8B8A8_UNORM, Memory [size: 819200, type: 0, props: 15 / 1]
DEBUG   | ColorBuffer 28, 320x640, VK_FORMAT_R8G8B8A8_UNORM, Memory [size: 819200, type: 0, props: 15 / 1]
DEBUG   | ColorBuffer 30, 1243x1024, VK_FORMAT_R8G8B8A8_UNORM, Memory [size: 5095424, type: 0, props: 15 / 1]
DEBUG   | Waiting for exit signal RenderThread @0x56380c6b04e0
DEBUG   | ColorBuffer 32, 320x640, VK_FORMAT_R8G8B8A8_UNORM, Memory [size: 819200, type: 0, props: 15 / 1]
DEBUG   | Exited a RenderThread @0x56380c6b04e0
DEBUG   | Started new RenderThread (total 14) @0x56380c6b16c0
DEBUG   | ColorBuffer 35, 1x1, VK_FORMAT_R8G8B8A8_UNORM, Memory [size: 16, type: 0, props: 15 / 1]
DEBUG   | ColorBuffer 36, 1243x1024, VK_FORMAT_R8G8B8A8_UNORM, Memory [size: 5095424, type: 0, props: 15 / 1]
DEBUG   | Started new RenderThread (total 15) @0x56381b1ac340
DEBUG   | ColorBuffer 37, 14x14, VK_FORMAT_R8G8B8A8_UNORM, Memory [size: 784, type: 0, props: 15 / 1]
DEBUG   | ColorBuffer 39, 320x24, VK_FORMAT_R8G8B8A8_UNORM, Memory [size: 30720, type: 0, props: 15 / 1]
DEBUG   | ColorBuffer 41, 320x24, VK_FORMAT_R8G8B8A8_UNORM, Memory [size: 30720, type: 0, props: 15 / 1]
DEBUG   | ColorBuffer 42, 1243x1024, VK_FORMAT_R8G8B8A8_UNORM, Memory [size: 5095424, type: 0, props: 15 / 1]
DEBUG   | ColorBuffer 43, 14x14, VK_FORMAT_R8G8B8A8_UNORM, Memory [size: 784, type: 0, props: 15 / 1]
DEBUG   | ColorBuffer 44, 14x14, VK_FORMAT_R8G8B8A8_UNORM, Memory [size: 784, type: 0, props: 15 / 1]
DEBUG   | ColorBuffer 46, 14x14, VK_FORMAT_R8G8B8A8_UNORM, Memory [size: 784, type: 0, props: 15 / 1]
DEBUG   | ColorBuffer 47, 320x640, VK_FORMAT_R8G8B8A8_UNORM, Memory [size: 819200, type: 0, props: 15 / 1]
DEBUG   | ColorBuffer 49, 320x640, VK_FORMAT_R8G8B8A8_UNORM, Memory [size: 819200, type: 0, props: 15 / 1]
DEBUG   | ColorBuffer 50, 320x640, VK_FORMAT_R8G8B8A8_UNORM, Memory [size: 819200, type: 0, props: 15 / 1]
INFO         | Boot completed in 26070 ms
INFO         | Increasing screen off timeout, logcat buffer size to 2M.
DEBUG   | ColorBuffer 51, 320x24, VK_FORMAT_R8G8B8A8_UNORM, Memory [size: 30720, type: 0, props: 15 / 1]
DEBUG   | Registering pipe service multidisplay
DEBUG   | MultiDisplayPipe created 0x56381b421c00
DEBUG   | MultiDisplayPipe recevied QUERY
DEBUG   | MultiDisplayPipe send add id 0 width 320 height 640 dpi 0 flag 0
DEBUG   | ColorBuffer 52, 320x640, VK_FORMAT_R8G8B8A8_UNORM, Memory [size: 819200, type: 0, props: 15 / 1]
DEBUG   | Started new RenderThread (total 16) @0x56381b1ac1a0
DEBUG   | ColorBuffer 55, 1x1, VK_FORMAT_R8G8B8A8_UNORM, Memory [size: 16, type: 0, props: 15 / 1]
DEBUG   | ColorBuffer 56, 320x640, VK_FORMAT_R8G8B8A8_UNORM, Memory [size: 819200, type: 0, props: 15 / 1]
DEBUG   | Started new RenderThread (total 17) @0x56380c6b04e0
DEBUG   | ColorBuffer 58, 320x640, VK_FORMAT_R8G8B8A8_UNORM, Memory [size: 819200, type: 0, props: 15 / 1]
DEBUG   | ColorBuffer 59, 320x640, VK_FORMAT_R8G8B8A8_UNORM, Memory [size: 819200, type: 0, props: 15 / 1]
DEBUG   | ColorBuffer 60, 312x49, VK_FORMAT_R8G8B8A8_UNORM, Memory [size: 62400, type: 0, props: 15 / 1]
DEBUG   | ColorBuffer 62, 312x49, VK_FORMAT_R8G8B8A8_UNORM, Memory [size: 62400, type: 0, props: 15 / 1]
DEBUG   | ColorBuffer 63, 312x49, VK_FORMAT_R8G8B8A8_UNORM, Memory [size: 62400, type: 0, props: 15 / 1]
DEBUG   | ColorBuffer 64, 320x640, VK_FORMAT_R8G8B8A8_UNORM, Memory [size: 819200, type: 0, props: 15 / 1]
DEBUG   | ColorBuffer 66, 320x640, VK_FORMAT_R8G8B8A8_UNORM, Memory [size: 819200, type: 0, props: 15 / 1]
DEBUG   | ColorBuffer 67, 320x640, VK_FORMAT_R8G8B8A8_UNORM, Memory [size: 819200, type: 0, props: 15 / 1]
DEBUG   | ColorBuffer 68, 208x124, VK_FORMAT_R8G8B8A8_UNORM, Memory [size: 103168, type: 0, props: 15 / 1]
DEBUG   | ColorBuffer 70, 208x124, VK_FORMAT_R8G8B8A8_UNORM, Memory [size: 103168, type: 0, props: 15 / 1]
DEBUG   | ColorBuffer 71, 208x124, VK_FORMAT_R8G8B8A8_UNORM, Memory [size: 103168, type: 0, props: 15 / 1]
DEBUG   | ColorBuffer 72, 208x124, VK_FORMAT_R8G8B8A8_UNORM, Memory [size: 103168, type: 0, props: 15 / 1]
DEBUG   | ColorBuffer 74, 208x124, VK_FORMAT_R8G8B8A8_UNORM, Memory [size: 103168, type: 0, props: 15 / 1]
DEBUG   | ColorBuffer 75, 208x124, VK_FORMAT_R8G8B8A8_UNORM, Memory [size: 103168, type: 0, props: 15 / 1]
DEBUG   | ColorBuffer 76, 328x489, VK_FORMAT_R8G8B8A8_UNORM, Memory [size: 642880, type: 0, props: 15 / 1]
DEBUG   | ColorBuffer 78, 328x489, VK_FORMAT_R8G8B8A8_UNORM, Memory [size: 642880, type: 0, props: 15 / 1]
DEBUG   | ColorBuffer 79, 328x489, VK_FORMAT_R8G8B8A8_UNORM, Memory [size: 642880, type: 0, props: 15 / 1]
DEBUG   | ColorBuffer 80, 88x340, VK_FORMAT_R8G8B8A8_UNORM, Memory [size: 119680, type: 0, props: 15 / 1]
DEBUG   | ColorBuffer 82, 88x340, VK_FORMAT_R8G8B8A8_UNORM, Memory [size: 119680, type: 0, props: 15 / 1]
DEBUG   | ColorBuffer 83, 88x340, VK_FORMAT_R8G8B8A8_UNORM, Memory [size: 119680, type: 0, props: 15 / 1]
DEBUG   | ColorBuffer 84, 208x124, VK_FORMAT_R8G8B8A8_UNORM, Memory [size: 103168, type: 0, props: 15 / 1]
DEBUG   | ColorBuffer 86, 208x124, VK_FORMAT_R8G8B8A8_UNORM, Memory [size: 103168, type: 0, props: 15 / 1]
DEBUG   | ColorBuffer 87, 208x124, VK_FORMAT_R8G8B8A8_UNORM, Memory [size: 103168, type: 0, props: 15 / 1]
DEBUG   | ColorBuffer 88, 208x124, VK_FORMAT_R8G8B8A8_UNORM, Memory [size: 103168, type: 0, props: 15 / 1]
DEBUG   | ColorBuffer 90, 208x124, VK_FORMAT_R8G8B8A8_UNORM, Memory [size: 103168, type: 0, props: 15 / 1]
DEBUG   | ColorBuffer 91, 208x124, VK_FORMAT_R8G8B8A8_UNORM, Memory [size: 103168, type: 0, props: 15 / 1]
